// Jest Snapshot v1, https://goo.gl/fbAQLP

exports[`AnimalCrossingContainer renders a list of villagers to the page 1`] = `
<ul
  aria-label="villagers"
  role="list"
>
  <li>
    <button
      style="display: flex; flex-direction: column; align-items: center; background-color: rgb(162, 124, 191); border-radius: 30px;"
    >
      <p />
      <p>
        Aurora
      </p>
      <img
        alt="Aurora"
        src="example.com/image.png"
        style="height: 300px; width: 250px; background-color: rgb(237, 202, 219); border-radius: 30px; border: 3px dotted #a27cbf;"
      />
      <p>
        penguin
      </p>
      <p>
        normal
      </p>
      <p>
        Always keep your cool.
      </p>
    </button>
  </li>
</ul>
`;
